Java HotSpot(TM) 64-Bit Server VM (25.251-b08) for bsd-amd64 JRE (1.8.0_251-b08), built on Mar 12 2020 02:36:37 by "java_re" with gcc 4.2.1 (Based on Apple Inc. build 5658) (LLVM build 2336.11.00)
Memory: 4k page, physical 16777216k(1109728k free)

/proc/meminfo:

CommandLine flags: -XX:InitialHeapSize=2147483648 -XX:MaxHeapSize=2147483648 -XX:MaxNewSize=348966912 -XX:MaxTenuringThreshold=6 -XX:NewSize=348966912 -XX:OldPLABSize=16 -XX:OldSize=697933824 -XX:+PrintGC -XX:+PrintGCDateStamps -XX:+PrintGCDetails -XX:+PrintGCTimeStamps -XX:+UseCompressedClassPointers -XX:+UseCompressedOops -XX:+UseConcMarkSweepGC -XX:+UseParNewGC 
2020-10-27T11:48:06.433-0800: 0.307: [GC (Allocation Failure) 2020-10-27T11:48:06.433-0800: 0.307: [ParNew: 272214K->34047K(306688K), 0.0416809 secs] 272214K->83133K(2063104K), 0.0418646 secs] [Times: user=0.06 sys=0.06, real=0.04 secs] 
2020-10-27T11:48:06.529-0800: 0.403: [GC (Allocation Failure) 2020-10-27T11:48:06.529-0800: 0.403: [ParNew: 306687K->34048K(306688K), 0.0455859 secs] 355773K->161575K(2063104K), 0.0457171 secs] [Times: user=0.08 sys=0.09, real=0.05 secs] 
2020-10-27T11:48:06.621-0800: 0.495: [GC (Allocation Failure) 2020-10-27T11:48:06.621-0800: 0.495: [ParNew: 306688K->34048K(306688K), 0.0603542 secs] 434215K->237303K(2063104K), 0.0604857 secs] [Times: user=0.18 sys=0.03, real=0.06 secs] 
2020-10-27T11:48:06.728-0800: 0.602: [GC (Allocation Failure) 2020-10-27T11:48:06.728-0800: 0.602: [ParNew: 306688K->34047K(306688K), 0.0667957 secs] 509943K->311071K(2063104K), 0.0669561 secs] [Times: user=0.11 sys=0.03, real=0.07 secs] 
2020-10-27T11:48:06.838-0800: 0.712: [GC (Allocation Failure) 2020-10-27T11:48:06.838-0800: 0.712: [ParNew: 306370K->34048K(306688K), 0.0591811 secs] 583395K->386453K(2063104K), 0.0592988 secs] [Times: user=0.18 sys=0.04, real=0.06 secs] 
2020-10-27T11:48:06.938-0800: 0.812: [GC (Allocation Failure) 2020-10-27T11:48:06.938-0800: 0.812: [ParNew: 306688K->34048K(306688K), 0.0584886 secs] 659093K->464538K(2063104K), 0.0586149 secs] [Times: user=0.20 sys=0.03, real=0.06 secs] 
2020-10-27T11:48:07.038-0800: 0.912: [GC (Allocation Failure) 2020-10-27T11:48:07.038-0800: 0.912: [ParNew: 306688K->34048K(306688K), 0.0602278 secs] 737178K->541682K(2063104K), 0.0603509 secs] [Times: user=0.20 sys=0.03, real=0.06 secs] 
2020-10-27T11:48:07.146-0800: 1.020: [GC (Allocation Failure) 2020-10-27T11:48:07.146-0800: 1.020: [ParNew: 306688K->34048K(306688K), 0.0575339 secs] 814322K->619148K(2063104K), 0.0576700 secs] [Times: user=0.19 sys=0.03, real=0.06 secs] 
Heap
 par new generation   total 306688K, used 228337K [0x0000000740000000, 0x0000000754cc0000, 0x0000000754cc0000)
  eden space 272640K,  71% used [0x0000000740000000, 0x000000074bdbc538, 0x0000000750a40000)
  from space 34048K, 100% used [0x0000000750a40000, 0x0000000752b80000, 0x0000000752b80000)
  to   space 34048K,   0% used [0x0000000752b80000, 0x0000000752b80000, 0x0000000754cc0000)
 concurrent mark-sweep generation total 1756416K, used 585100K [0x0000000754cc0000, 0x00000007c0000000, 0x00000007c0000000)
 Metaspace       used 2728K, capacity 4486K, committed 4864K, reserved 1056768K
  class space    used 296K, capacity 386K, committed 512K, reserved 1048576K
