Java HotSpot(TM) 64-Bit Server VM (25.251-b08) for bsd-amd64 JRE (1.8.0_251-b08), built on Mar 12 2020 02:36:37 by "java_re" with gcc 4.2.1 (Based on Apple Inc. build 5658) (LLVM build 2336.11.00)
Memory: 4k page, physical 16777216k(1109772k free)

/proc/meminfo:

CommandLine flags: -XX:InitialHeapSize=134217728 -XX:MaxHeapSize=134217728 -XX:MaxNewSize=44740608 -XX:MaxTenuringThreshold=6 -XX:NewSize=44740608 -XX:OldPLABSize=16 -XX:OldSize=89477120 -XX:+PrintGC -XX:+PrintGCDateStamps -XX:+PrintGCDetails -XX:+PrintGCTimeStamps -XX:+UseCompressedClassPointers -XX:+UseCompressedOops -XX:+UseConcMarkSweepGC -XX:+UseParNewGC 
2020-10-27T11:48:03.263-0800: 0.138: [GC (Allocation Failure) 2020-10-27T11:48:03.263-0800: 0.138: [ParNew: 34741K->4351K(39296K), 0.0048449 secs] 34741K->10647K(126720K), 0.0050120 secs] [Times: user=0.01 sys=0.00, real=0.00 secs] 
2020-10-27T11:48:03.286-0800: 0.162: [GC (Allocation Failure) 2020-10-27T11:48:03.287-0800: 0.162: [ParNew: 39280K->4352K(39296K), 0.0087234 secs] 45576K->23670K(126720K), 0.0089492 secs] [Times: user=0.02 sys=0.01, real=0.01 secs] 
2020-10-27T11:48:03.307-0800: 0.182: [GC (Allocation Failure) 2020-10-27T11:48:03.307-0800: 0.182: [ParNew: 39117K->4352K(39296K), 0.0076296 secs] 58436K->33959K(126720K), 0.0077728 secs] [Times: user=0.02 sys=0.00, real=0.01 secs] 
2020-10-27T11:48:03.322-0800: 0.197: [GC (Allocation Failure) 2020-10-27T11:48:03.322-0800: 0.197: [ParNew: 39267K->4346K(39296K), 0.0086174 secs] 68874K->46033K(126720K), 0.0087592 secs] [Times: user=0.03 sys=0.01, real=0.01 secs] 
2020-10-27T11:48:03.337-0800: 0.212: [GC (Allocation Failure) 2020-10-27T11:48:03.337-0800: 0.212: [ParNew: 39217K->4351K(39296K), 0.0103775 secs] 80904K->59718K(126720K), 0.0105731 secs] [Times: user=0.03 sys=0.01, real=0.01 secs] 
2020-10-27T11:48:03.348-0800: 0.223: [GC (CMS Initial Mark) [1 CMS-initial-mark: 55367K(87424K)] 61053K(126720K), 0.0002193 secs] [Times: user=0.00 sys=0.00, real=0.00 secs] 
2020-10-27T11:48:03.348-0800: 0.223: [CMS-concurrent-mark-start]
2020-10-27T11:48:03.350-0800: 0.225: [CMS-concurrent-mark: 0.002/0.002 secs] [Times: user=0.00 sys=0.00, real=0.01 secs] 
2020-10-27T11:48:03.350-0800: 0.225: [CMS-concurrent-preclean-start]
2020-10-27T11:48:03.350-0800: 0.225: [CMS-concurrent-preclean: 0.000/0.000 secs] [Times: user=0.00 sys=0.00, real=0.00 secs] 
2020-10-27T11:48:03.350-0800: 0.226: [CMS-concurrent-abortable-preclean-start]
2020-10-27T11:48:03.355-0800: 0.231: [GC (Allocation Failure) 2020-10-27T11:48:03.355-0800: 0.231: [ParNew: 39295K->4348K(39296K), 0.0078116 secs] 94662K->70103K(126720K), 0.0079370 secs] [Times: user=0.03 sys=0.00, real=0.01 secs] 
2020-10-27T11:48:03.370-0800: 0.245: [GC (Allocation Failure) 2020-10-27T11:48:03.370-0800: 0.245: [ParNew: 39283K->4347K(39296K), 0.0100231 secs] 105038K->84017K(126720K), 0.0101394 secs] [Times: user=0.04 sys=0.01, real=0.01 secs] 
2020-10-27T11:48:03.387-0800: 0.262: [GC (Allocation Failure) 2020-10-27T11:48:03.387-0800: 0.262: [ParNew: 39277K->39277K(39296K), 0.0000295 secs]2020-10-27T11:48:03.387-0800: 0.262: [CMS2020-10-27T11:48:03.387-0800: 0.262: [CMS-concurrent-abortable-preclean: 0.001/0.037 secs] [Times: user=0.08 sys=0.01, real=0.03 secs] 
 (concurrent mode failure): 79670K->85779K(87424K), 0.0196124 secs] 118947K->85779K(126720K), [Metaspace: 2722K->2722K(1056768K)], 0.0197839 secs] [Times: user=0.02 sys=0.00, real=0.02 secs] 
2020-10-27T11:48:03.412-0800: 0.288: [GC (Allocation Failure) 2020-10-27T11:48:03.413-0800: 0.288: [ParNew: 34517K->34517K(39296K), 0.0000300 secs]2020-10-27T11:48:03.413-0800: 0.288: [CMS: 85779K->87392K(87424K), 0.0157492 secs] 120297K->94861K(126720K), [Metaspace: 2722K->2722K(1056768K)], 0.0159261 secs] [Times: user=0.01 sys=0.00, real=0.01 secs] 
2020-10-27T11:48:03.429-0800: 0.304: [GC (CMS Initial Mark) [1 CMS-initial-mark: 87392K(87424K)] 95509K(126720K), 0.0002890 secs] [Times: user=0.00 sys=0.00, real=0.00 secs] 
2020-10-27T11:48:03.429-0800: 0.304: [CMS-concurrent-mark-start]
2020-10-27T11:48:03.431-0800: 0.306: [CMS-concurrent-mark: 0.001/0.001 secs] [Times: user=0.01 sys=0.00, real=0.01 secs] 
2020-10-27T11:48:03.431-0800: 0.306: [CMS-concurrent-preclean-start]
2020-10-27T11:48:03.432-0800: 0.307: [CMS-concurrent-preclean: 0.001/0.001 secs] [Times: user=0.00 sys=0.00, real=0.00 secs] 
2020-10-27T11:48:03.432-0800: 0.307: [CMS-concurrent-abortable-preclean-start]
2020-10-27T11:48:03.432-0800: 0.307: [CMS-concurrent-abortable-preclean: 0.000/0.000 secs] [Times: user=0.00 sys=0.00, real=0.00 secs] 
2020-10-27T11:48:03.432-0800: 0.307: [GC (CMS Final Remark) [YG occupancy: 17387 K (39296 K)]2020-10-27T11:48:03.432-0800: 0.307: [Rescan (parallel) , 0.0002375 secs]2020-10-27T11:48:03.432-0800: 0.307: [weak refs processing, 0.0000173 secs]2020-10-27T11:48:03.432-0800: 0.307: [class unloading, 0.0002395 secs]2020-10-27T11:48:03.433-0800: 0.308: [scrub symbol table, 0.0004286 secs]2020-10-27T11:48:03.433-0800: 0.308: [scrub string table, 0.0001705 secs][1 CMS-remark: 87392K(87424K)] 104779K(126720K), 0.0012107 secs] [Times: user=0.00 sys=0.00, real=0.00 secs] 
2020-10-27T11:48:03.433-0800: 0.308: [CMS-concurrent-sweep-start]
2020-10-27T11:48:03.434-0800: 0.309: [CMS-concurrent-sweep: 0.000/0.000 secs] [Times: user=0.00 sys=0.00, real=0.00 secs] 
2020-10-27T11:48:03.434-0800: 0.309: [CMS-concurrent-reset-start]
2020-10-27T11:48:03.434-0800: 0.309: [CMS-concurrent-reset: 0.000/0.000 secs] [Times: user=0.00 sys=0.00, real=0.00 secs] 
2020-10-27T11:48:03.438-0800: 0.313: [GC (Allocation Failure) 2020-10-27T11:48:03.438-0800: 0.313: [ParNew: 39232K->39232K(39296K), 0.0000262 secs]2020-10-27T11:48:03.438-0800: 0.313: [CMS: 87392K->87330K(87424K), 0.0156036 secs] 126624K->102060K(126720K), [Metaspace: 2722K->2722K(1056768K)], 0.0157578 secs] [Times: user=0.01 sys=0.00, real=0.02 secs] 
2020-10-27T11:48:03.454-0800: 0.329: [GC (CMS Initial Mark) [1 CMS-initial-mark: 87330K(87424K)] 102880K(126720K), 0.0002320 secs] [Times: user=0.00 sys=0.00, real=0.00 secs] 
2020-10-27T11:48:03.454-0800: 0.329: [CMS-concurrent-mark-start]
2020-10-27T11:48:03.455-0800: 0.330: [CMS-concurrent-mark: 0.001/0.001 secs] [Times: user=0.00 sys=0.00, real=0.00 secs] 
2020-10-27T11:48:03.455-0800: 0.331: [CMS-concurrent-preclean-start]
2020-10-27T11:48:03.456-0800: 0.331: [CMS-concurrent-preclean: 0.001/0.001 secs] [Times: user=0.00 sys=0.00, real=0.00 secs] 
2020-10-27T11:48:03.456-0800: 0.331: [CMS-concurrent-abortable-preclean-start]
2020-10-27T11:48:03.456-0800: 0.332: [CMS-concurrent-abortable-preclean: 0.000/0.000 secs] [Times: user=0.00 sys=0.00, real=0.00 secs] 
2020-10-27T11:48:03.457-0800: 0.332: [GC (CMS Final Remark) [YG occupancy: 24600 K (39296 K)]2020-10-27T11:48:03.457-0800: 0.332: [Rescan (parallel) , 0.0002133 secs]2020-10-27T11:48:03.457-0800: 0.332: [weak refs processing, 0.0000167 secs]2020-10-27T11:48:03.457-0800: 0.332: [class unloading, 0.0002348 secs]2020-10-27T11:48:03.457-0800: 0.332: [scrub symbol table, 0.0004020 secs]2020-10-27T11:48:03.457-0800: 0.333: [scrub string table, 0.0001847 secs][1 CMS-remark: 87330K(87424K)] 111931K(126720K), 0.0011713 secs] [Times: user=0.00 sys=0.00, real=0.00 secs] 
2020-10-27T11:48:03.458-0800: 0.333: [CMS-concurrent-sweep-start]
2020-10-27T11:48:03.458-0800: 0.333: [CMS-concurrent-sweep: 0.000/0.000 secs] [Times: user=0.00 sys=0.00, real=0.00 secs] 
2020-10-27T11:48:03.458-0800: 0.333: [CMS-concurrent-reset-start]
2020-10-27T11:48:03.458-0800: 0.333: [CMS-concurrent-reset: 0.000/0.000 secs] [Times: user=0.00 sys=0.00, real=0.00 secs] 
2020-10-27T11:48:03.461-0800: 0.336: [GC (Allocation Failure) 2020-10-27T11:48:03.461-0800: 0.336: [ParNew: 39263K->39263K(39296K), 0.0000319 secs]2020-10-27T11:48:03.461-0800: 0.336: [CMS: 87330K->87333K(87424K), 0.0176253 secs] 126593K->108240K(126720K), [Metaspace: 2722K->2722K(1056768K)], 0.0178005 secs] [Times: user=0.02 sys=0.00, real=0.01 secs] 
2020-10-27T11:48:03.479-0800: 0.354: [GC (CMS Initial Mark) [1 CMS-initial-mark: 87333K(87424K)] 109438K(126720K), 0.0002722 secs] [Times: user=0.00 sys=0.00, real=0.00 secs] 
2020-10-27T11:48:03.480-0800: 0.355: [CMS-concurrent-mark-start]
2020-10-27T11:48:03.481-0800: 0.356: [CMS-concurrent-mark: 0.001/0.001 secs] [Times: user=0.00 sys=0.00, real=0.00 secs] 
2020-10-27T11:48:03.481-0800: 0.356: [CMS-concurrent-preclean-start]
2020-10-27T11:48:03.482-0800: 0.357: [CMS-concurrent-preclean: 0.001/0.001 secs] [Times: user=0.00 sys=0.00, real=0.00 secs] 
2020-10-27T11:48:03.482-0800: 0.357: [CMS-concurrent-abortable-preclean-start]
2020-10-27T11:48:03.482-0800: 0.357: [CMS-concurrent-abortable-preclean: 0.000/0.000 secs] [Times: user=0.00 sys=0.00, real=0.00 secs] 
2020-10-27T11:48:03.482-0800: 0.357: [GC (CMS Final Remark) [YG occupancy: 33898 K (39296 K)]2020-10-27T11:48:03.482-0800: 0.357: [Rescan (parallel) , 0.0002246 secs]2020-10-27T11:48:03.482-0800: 0.357: [weak refs processing, 0.0000221 secs]2020-10-27T11:48:03.482-0800: 0.357: [class unloading, 0.0002302 secs]2020-10-27T11:48:03.483-0800: 0.358: [scrub symbol table, 0.0004852 secs]2020-10-27T11:48:03.483-0800: 0.358: [scrub string table, 0.0001801 secs][1 CMS-remark: 87333K(87424K)] 121231K(126720K), 0.0012765 secs] [Times: user=0.00 sys=0.00, real=0.00 secs] 
2020-10-27T11:48:03.483-0800: 0.359: [CMS-concurrent-sweep-start]
2020-10-27T11:48:03.484-0800: 0.359: [CMS-concurrent-sweep: 0.000/0.000 secs] [Times: user=0.00 sys=0.00, real=0.00 secs] 
2020-10-27T11:48:03.484-0800: 0.359: [CMS-concurrent-reset-start]
2020-10-27T11:48:03.484-0800: 0.359: [CMS-concurrent-reset: 0.000/0.000 secs] [Times: user=0.00 sys=0.00, real=0.00 secs] 
2020-10-27T11:48:03.484-0800: 0.360: [GC (Allocation Failure) 2020-10-27T11:48:03.484-0800: 0.360: [ParNew: 38705K->38705K(39296K), 0.0000261 secs]2020-10-27T11:48:03.485-0800: 0.360: [CMS: 87252K->87278K(87424K), 0.0173530 secs] 125957K->112015K(126720K), [Metaspace: 2722K->2722K(1056768K)], 0.0174976 secs] [Times: user=0.02 sys=0.00, real=0.02 secs] 
2020-10-27T11:48:03.502-0800: 0.378: [GC (CMS Initial Mark) [1 CMS-initial-mark: 87278K(87424K)] 112781K(126720K), 0.0002531 secs] [Times: user=0.00 sys=0.00, real=0.00 secs] 
2020-10-27T11:48:03.503-0800: 0.378: [CMS-concurrent-mark-start]
2020-10-27T11:48:03.504-0800: 0.379: [CMS-concurrent-mark: 0.001/0.001 secs] [Times: user=0.00 sys=0.00, real=0.00 secs] 
2020-10-27T11:48:03.504-0800: 0.379: [CMS-concurrent-preclean-start]
2020-10-27T11:48:03.505-0800: 0.380: [CMS-concurrent-preclean: 0.001/0.001 secs] [Times: user=0.00 sys=0.00, real=0.00 secs] 
2020-10-27T11:48:03.505-0800: 0.380: [CMS-concurrent-abortable-preclean-start]
2020-10-27T11:48:03.505-0800: 0.380: [CMS-concurrent-abortable-preclean: 0.000/0.000 secs] [Times: user=0.00 sys=0.00, real=0.00 secs] 
2020-10-27T11:48:03.505-0800: 0.380: [GC (CMS Final Remark) [YG occupancy: 34552 K (39296 K)]2020-10-27T11:48:03.505-0800: 0.380: [Rescan (parallel) , 0.0002734 secs]2020-10-27T11:48:03.505-0800: 0.381: [weak refs processing, 0.0000192 secs]2020-10-27T11:48:03.505-0800: 0.381: [class unloading, 0.0002414 secs]2020-10-27T11:48:03.506-0800: 0.381: [scrub symbol table, 0.0004180 secs]2020-10-27T11:48:03.506-0800: 0.381: [scrub string table, 0.0002067 secs][1 CMS-remark: 87278K(87424K)] 121831K(126720K), 0.0012665 secs] [Times: user=0.00 sys=0.00, real=0.00 secs] 
2020-10-27T11:48:03.506-0800: 0.382: [CMS-concurrent-sweep-start]
2020-10-27T11:48:03.507-0800: 0.382: [CMS-concurrent-sweep: 0.000/0.000 secs] [Times: user=0.00 sys=0.00, real=0.00 secs] 
2020-10-27T11:48:03.507-0800: 0.382: [CMS-concurrent-reset-start]
2020-10-27T11:48:03.507-0800: 0.382: [CMS-concurrent-reset: 0.000/0.000 secs] [Times: user=0.00 sys=0.00, real=0.00 secs] 
2020-10-27T11:48:03.507-0800: 0.383: [GC (Allocation Failure) 2020-10-27T11:48:03.507-0800: 0.383: [ParNew: 39270K->39270K(39296K), 0.0000313 secs]2020-10-27T11:48:03.508-0800: 0.383: [CMS: 86989K->87399K(87424K), 0.0173054 secs] 126259K->115634K(126720K), [Metaspace: 2722K->2722K(1056768K)], 0.0174693 secs] [Times: user=0.02 sys=0.00, real=0.02 secs] 
2020-10-27T11:48:03.525-0800: 0.400: [GC (CMS Initial Mark) [1 CMS-initial-mark: 87399K(87424K)] 115830K(126720K), 0.0001892 secs] [Times: user=0.00 sys=0.00, real=0.00 secs] 
2020-10-27T11:48:03.525-0800: 0.401: [CMS-concurrent-mark-start]
2020-10-27T11:48:03.526-0800: 0.402: [CMS-concurrent-mark: 0.001/0.001 secs] [Times: user=0.00 sys=0.00, real=0.00 secs] 
2020-10-27T11:48:03.527-0800: 0.402: [CMS-concurrent-preclean-start]
2020-10-27T11:48:03.527-0800: 0.403: [CMS-concurrent-preclean: 0.001/0.001 secs] [Times: user=0.00 sys=0.00, real=0.00 secs] 
2020-10-27T11:48:03.527-0800: 0.403: [CMS-concurrent-abortable-preclean-start]
2020-10-27T11:48:03.527-0800: 0.403: [CMS-concurrent-abortable-preclean: 0.000/0.000 secs] [Times: user=0.00 sys=0.00, real=0.00 secs] 
2020-10-27T11:48:03.528-0800: 0.403: [GC (CMS Final Remark) [YG occupancy: 38603 K (39296 K)]2020-10-27T11:48:03.528-0800: 0.403: [Rescan (parallel) , 0.0002301 secs]2020-10-27T11:48:03.528-0800: 0.403: [weak refs processing, 0.0000188 secs]2020-10-27T11:48:03.528-0800: 0.403: [class unloading, 0.0002265 secs]2020-10-27T11:48:03.528-0800: 0.403: [scrub symbol table, 0.0004806 secs]2020-10-27T11:48:03.529-0800: 0.404: [scrub string table, 0.0001789 secs][1 CMS-remark: 87399K(87424K)] 126002K(126720K), 0.0012579 secs] [Times: user=0.00 sys=0.00, real=0.00 secs] 
2020-10-27T11:48:03.529-0800: 0.404: [CMS-concurrent-sweep-start]
2020-10-27T11:48:03.529-0800: 0.404: [Full GC (Allocation Failure) 2020-10-27T11:48:03.529-0800: 0.404: [CMS2020-10-27T11:48:03.529-0800: 0.405: [CMS-concurrent-sweep: 0.000/0.000 secs] [Times: user=0.00 sys=0.00, real=0.00 secs] 
 (concurrent mode failure): 87399K->87084K(87424K), 0.0160732 secs] 126002K->116200K(126720K), [Metaspace: 2722K->2722K(1056768K)], 0.0161867 secs] [Times: user=0.01 sys=0.00, real=0.02 secs] 
2020-10-27T11:48:03.548-0800: 0.423: [Full GC (Allocation Failure) 2020-10-27T11:48:03.548-0800: 0.423: [CMS: 87156K->87188K(87424K), 0.0158413 secs] 126409K->117584K(126720K), [Metaspace: 2722K->2722K(1056768K)], 0.0159621 secs] [Times: user=0.01 sys=0.00, real=0.02 secs] 
2020-10-27T11:48:03.564-0800: 0.439: [GC (CMS Initial Mark) [1 CMS-initial-mark: 87188K(87424K)] 117728K(126720K), 0.0002086 secs] [Times: user=0.00 sys=0.00, real=0.00 secs] 
2020-10-27T11:48:03.564-0800: 0.439: [CMS-concurrent-mark-start]
2020-10-27T11:48:03.565-0800: 0.441: [CMS-concurrent-mark: 0.001/0.001 secs] [Times: user=0.00 sys=0.00, real=0.00 secs] 
2020-10-27T11:48:03.565-0800: 0.441: [CMS-concurrent-preclean-start]
2020-10-27T11:48:03.566-0800: 0.441: [Full GC (Allocation Failure) 2020-10-27T11:48:03.566-0800: 0.441: [CMS2020-10-27T11:48:03.566-0800: 0.442: [CMS-concurrent-preclean: 0.001/0.001 secs] [Times: user=0.01 sys=0.00, real=0.00 secs] 
 (concurrent mode failure): 87308K->87214K(87424K), 0.0093916 secs] 126599K->119609K(126720K), [Metaspace: 2722K->2722K(1056768K)], 0.0094909 secs] [Times: user=0.01 sys=0.00, real=0.01 secs] 
2020-10-27T11:48:03.577-0800: 0.452: [Full GC (Allocation Failure) 2020-10-27T11:48:03.577-0800: 0.452: [CMS: 87214K->87333K(87424K), 0.0164595 secs] 126264K->121648K(126720K), [Metaspace: 2722K->2722K(1056768K)], 0.0165702 secs] [Times: user=0.01 sys=0.00, real=0.02 secs] 
2020-10-27T11:48:03.594-0800: 0.469: [GC (CMS Initial Mark) [1 CMS-initial-mark: 87333K(87424K)] 121936K(126720K), 0.0002060 secs] [Times: user=0.00 sys=0.00, real=0.00 secs] 
2020-10-27T11:48:03.594-0800: 0.469: [CMS-concurrent-mark-start]
2020-10-27T11:48:03.595-0800: 0.470: [CMS-concurrent-mark: 0.001/0.001 secs] [Times: user=0.00 sys=0.00, real=0.00 secs] 
2020-10-27T11:48:03.595-0800: 0.470: [CMS-concurrent-preclean-start]
2020-10-27T11:48:03.595-0800: 0.471: [Full GC (Allocation Failure) 2020-10-27T11:48:03.595-0800: 0.471: [CMS2020-10-27T11:48:03.596-0800: 0.471: [CMS-concurrent-preclean: 0.001/0.001 secs] [Times: user=0.01 sys=0.00, real=0.00 secs] 
 (concurrent mode failure): 87333K->87362K(87424K), 0.0181473 secs] 126149K->121193K(126720K), [Metaspace: 2722K->2722K(1056768K)], 0.0182467 secs] [Times: user=0.01 sys=0.00, real=0.02 secs] 
2020-10-27T11:48:03.615-0800: 0.490: [Full GC (Allocation Failure) 2020-10-27T11:48:03.615-0800: 0.490: [CMS: 87362K->87079K(87424K), 0.0125293 secs] 126592K->123176K(126720K), [Metaspace: 2722K->2722K(1056768K)], 0.0126446 secs] [Times: user=0.01 sys=0.00, real=0.01 secs] 
2020-10-27T11:48:03.628-0800: 0.503: [GC (CMS Initial Mark) [1 CMS-initial-mark: 87079K(87424K)] 123540K(126720K), 0.0002601 secs] [Times: user=0.00 sys=0.00, real=0.00 secs] 
2020-10-27T11:48:03.628-0800: 0.503: [CMS-concurrent-mark-start]
2020-10-27T11:48:03.629-0800: 0.504: [Full GC (Allocation Failure) 2020-10-27T11:48:03.629-0800: 0.504: [CMS2020-10-27T11:48:03.630-0800: 0.505: [CMS-concurrent-mark: 0.001/0.001 secs] [Times: user=0.00 sys=0.00, real=0.01 secs] 
 (concurrent mode failure): 87400K->87151K(87424K), 0.0029887 secs] 126674K->124347K(126720K), [Metaspace: 2722K->2722K(1056768K)], 0.0031103 secs] [Times: user=0.00 sys=0.00, real=0.01 secs] 
2020-10-27T11:48:03.633-0800: 0.508: [Full GC (Allocation Failure) 2020-10-27T11:48:03.633-0800: 0.509: [CMS: 87414K->87198K(87424K), 0.0026814 secs] 126695K->124633K(126720K), [Metaspace: 2722K->2722K(1056768K)], 0.0028097 secs] [Times: user=0.01 sys=0.00, real=0.00 secs] 
2020-10-27T11:48:03.636-0800: 0.512: [GC (CMS Initial Mark) [1 CMS-initial-mark: 87198K(87424K)] 124768K(126720K), 0.0001676 secs] [Times: user=0.00 sys=0.00, real=0.00 secs] 
2020-10-27T11:48:03.637-0800: 0.512: [CMS-concurrent-mark-start]
2020-10-27T11:48:03.637-0800: 0.513: [Full GC (Allocation Failure) 2020-10-27T11:48:03.637-0800: 0.513: [CMS2020-10-27T11:48:03.638-0800: 0.513: [CMS-concurrent-mark: 0.001/0.002 secs] [Times: user=0.00 sys=0.00, real=0.00 secs] 
 (concurrent mode failure): 87198K->86976K(87424K), 0.0066376 secs] 126481K->124931K(126720K), [Metaspace: 2722K->2722K(1056768K)], 0.0067480 secs] [Times: user=0.00 sys=0.00, real=0.01 secs] 
2020-10-27T11:48:03.645-0800: 0.520: [Full GC (Allocation Failure) 2020-10-27T11:48:03.645-0800: 0.520: [CMS: 87182K->87182K(87424K), 0.0027644 secs] 126476K->125137K(126720K), [Metaspace: 2722K->2722K(1056768K)], 0.0028847 secs] [Times: user=0.00 sys=0.00, real=0.00 secs] 
2020-10-27T11:48:03.648-0800: 0.523: [GC (CMS Initial Mark) [1 CMS-initial-mark: 87182K(87424K)] 125281K(126720K), 0.0001846 secs] [Times: user=0.00 sys=0.00, real=0.00 secs] 
2020-10-27T11:48:03.648-0800: 0.524: [CMS-concurrent-mark-start]
2020-10-27T11:48:03.649-0800: 0.524: [Full GC (Allocation Failure) 2020-10-27T11:48:03.649-0800: 0.524: [CMS2020-10-27T11:48:03.650-0800: 0.525: [CMS-concurrent-mark: 0.001/0.001 secs] [Times: user=0.00 sys=0.00, real=0.01 secs] 
 (concurrent mode failure): 87182K->87015K(87424K), 0.0135919 secs] 126306K->125215K(126720K), [Metaspace: 2722K->2722K(1056768K)], 0.0136874 secs] [Times: user=0.01 sys=0.00, real=0.02 secs] 
2020-10-27T11:48:03.663-0800: 0.538: [Full GC (Allocation Failure) 2020-10-27T11:48:03.663-0800: 0.538: [CMS: 87108K->86830K(87424K), 0.0052881 secs] 126338K->125256K(126720K), [Metaspace: 2722K->2722K(1056768K)], 0.0053850 secs] [Times: user=0.01 sys=0.00, real=0.00 secs] 
2020-10-27T11:48:03.669-0800: 0.544: [GC (CMS Initial Mark) [1 CMS-initial-mark: 86830K(87424K)] 125642K(126720K), 0.0003083 secs] [Times: user=0.00 sys=0.00, real=0.00 secs] 
2020-10-27T11:48:03.669-0800: 0.544: [CMS-concurrent-mark-start]
2020-10-27T11:48:03.669-0800: 0.544: [Full GC (Allocation Failure) 2020-10-27T11:48:03.669-0800: 0.545: [CMS2020-10-27T11:48:03.670-0800: 0.545: [CMS-concurrent-mark: 0.001/0.001 secs] [Times: user=0.00 sys=0.00, real=0.01 secs] 
 (concurrent mode failure): 87286K->86830K(87424K), 0.0028365 secs] 126469K->125722K(126720K), [Metaspace: 2722K->2722K(1056768K)], 0.0029383 secs] [Times: user=0.00 sys=0.00, real=0.01 secs] 
2020-10-27T11:48:03.672-0800: 0.548: [Full GC (Allocation Failure) 2020-10-27T11:48:03.672-0800: 0.548: [CMS: 87059K->86830K(87424K), 0.0020842 secs] 125951K->125722K(126720K), [Metaspace: 2722K->2722K(1056768K)], 0.0021694 secs] [Times: user=0.00 sys=0.00, real=0.00 secs] 
2020-10-27T11:48:03.675-0800: 0.550: [Full GC (Allocation Failure) 2020-10-27T11:48:03.675-0800: 0.550: [CMS: 86830K->86810K(87424K), 0.0134560 secs] 125722K->125703K(126720K), [Metaspace: 2722K->2722K(1056768K)], 0.0135408 secs] [Times: user=0.02 sys=0.00, real=0.01 secs] 
2020-10-27T11:48:03.688-0800: 0.564: [GC (CMS Initial Mark) [1 CMS-initial-mark: 86810K(87424K)] 125703K(126720K), 0.0002449 secs] [Times: user=0.00 sys=0.00, real=0.00 secs] 
2020-10-27T11:48:03.689-0800: 0.564: [CMS-concurrent-mark-start]
2020-10-27T11:48:03.690-0800: 0.565: [CMS-concurrent-mark: 0.001/0.001 secs] [Times: user=0.00 sys=0.00, real=0.01 secs] 
2020-10-27T11:48:03.690-0800: 0.565: [CMS-concurrent-preclean-start]
Heap
 par new generation   total 39296K, used 39115K [0x00000007b8000000, 0x00000007baaa0000, 0x00000007baaa0000)
  eden space 34944K, 100% used [0x00000007b8000000, 0x00000007ba220000, 0x00000007ba220000)
  from space 4352K,  95% used [0x00000007ba660000, 0x00000007baa72f20, 0x00000007baaa0000)
  to   space 4352K,   0% used [0x00000007ba220000, 0x00000007ba220000, 0x00000007ba660000)
 concurrent mark-sweep generation total 87424K, used 86810K [0x00000007baaa0000, 0x00000007c0000000, 0x00000007c0000000)
 Metaspace       used 2752K, capacity 4486K, committed 4864K, reserved 1056768K
  class space    used 299K, capacity 386K, committed 512K, reserved 1048576K
