Java HotSpot(TM) 64-Bit Server VM (25.251-b08) for bsd-amd64 JRE (1.8.0_251-b08), built on Mar 12 2020 02:36:37 by "java_re" with gcc 4.2.1 (Based on Apple Inc. build 5658) (LLVM build 2336.11.00)
Memory: 4k page, physical 16777216k(1110508k free)

/proc/meminfo:

CommandLine flags: -XX:InitialHeapSize=536870912 -XX:MaxHeapSize=536870912 -XX:MaxNewSize=178958336 -XX:MaxTenuringThreshold=6 -XX:NewSize=178958336 -XX:OldPLABSize=16 -XX:OldSize=357912576 -XX:+PrintGC -XX:+PrintGCDateStamps -XX:+PrintGCDetails -XX:+PrintGCTimeStamps -XX:+UseCompressedClassPointers -XX:+UseCompressedOops -XX:+UseConcMarkSweepGC -XX:+UseParNewGC 
2020-10-27T11:48:03.928-0800: 0.199: [GC (Allocation Failure) 2020-10-27T11:48:03.929-0800: 0.199: [ParNew: 139776K->17471K(157248K), 0.0173832 secs] 139776K->44230K(506816K), 0.0175527 secs] [Times: user=0.02 sys=0.04, real=0.02 secs] 
2020-10-27T11:48:03.973-0800: 0.243: [GC (Allocation Failure) 2020-10-27T11:48:03.973-0800: 0.243: [ParNew: 157247K->17472K(157248K), 0.0237492 secs] 184006K->90150K(506816K), 0.0238849 secs] [Times: user=0.04 sys=0.06, real=0.02 secs] 
2020-10-27T11:48:04.023-0800: 0.293: [GC (Allocation Failure) 2020-10-27T11:48:04.023-0800: 0.293: [ParNew: 157248K->17472K(157248K), 0.0308863 secs] 229926K->133621K(506816K), 0.0310137 secs] [Times: user=0.11 sys=0.01, real=0.03 secs] 
2020-10-27T11:48:04.079-0800: 0.349: [GC (Allocation Failure) 2020-10-27T11:48:04.079-0800: 0.349: [ParNew: 157248K->17472K(157248K), 0.0332183 secs] 273397K->175148K(506816K), 0.0334218 secs] [Times: user=0.08 sys=0.02, real=0.04 secs] 
2020-10-27T11:48:04.141-0800: 0.411: [GC (Allocation Failure) 2020-10-27T11:48:04.141-0800: 0.411: [ParNew: 157248K->17472K(157248K), 0.0316630 secs] 314924K->218839K(506816K), 0.0317912 secs] [Times: user=0.10 sys=0.03, real=0.03 secs] 
2020-10-27T11:48:04.173-0800: 0.443: [GC (CMS Initial Mark) [1 CMS-initial-mark: 201367K(349568K)] 219127K(506816K), 0.0002381 secs] [Times: user=0.00 sys=0.00, real=0.00 secs] 
2020-10-27T11:48:04.174-0800: 0.444: [CMS-concurrent-mark-start]
2020-10-27T11:48:04.179-0800: 0.449: [CMS-concurrent-mark: 0.006/0.006 secs] [Times: user=0.00 sys=0.00, real=0.00 secs] 
2020-10-27T11:48:04.179-0800: 0.449: [CMS-concurrent-preclean-start]
2020-10-27T11:48:04.180-0800: 0.450: [CMS-concurrent-preclean: 0.001/0.001 secs] [Times: user=0.01 sys=0.00, real=0.01 secs] 
2020-10-27T11:48:04.180-0800: 0.450: [CMS-concurrent-abortable-preclean-start]
2020-10-27T11:48:04.198-0800: 0.468: [GC (Allocation Failure) 2020-10-27T11:48:04.198-0800: 0.468: [ParNew: 157248K->17470K(157248K), 0.0333774 secs] 358615K->264427K(506816K), 0.0334996 secs] [Times: user=0.11 sys=0.02, real=0.04 secs] 
2020-10-27T11:48:04.254-0800: 0.524: [GC (Allocation Failure) 2020-10-27T11:48:04.254-0800: 0.524: [ParNew: 157246K->17471K(157248K), 0.0341001 secs] 404203K->311851K(506816K), 0.0342208 secs] [Times: user=0.11 sys=0.02, real=0.03 secs] 
2020-10-27T11:48:04.309-0800: 0.579: [GC (Allocation Failure) 2020-10-27T11:48:04.309-0800: 0.579: [ParNew: 157247K->17471K(157248K), 0.0339848 secs] 451627K->358296K(506816K), 0.0341149 secs] [Times: user=0.12 sys=0.02, real=0.04 secs] 
2020-10-27T11:48:04.343-0800: 0.613: [CMS-concurrent-abortable-preclean: 0.004/0.163 secs] [Times: user=0.41 sys=0.06, real=0.16 secs] 
2020-10-27T11:48:04.343-0800: 0.613: [GC (CMS Final Remark) [YG occupancy: 20362 K (157248 K)]2020-10-27T11:48:04.343-0800: 0.613: [Rescan (parallel) , 0.0005236 secs]2020-10-27T11:48:04.344-0800: 0.614: [weak refs processing, 0.0000260 secs]2020-10-27T11:48:04.344-0800: 0.614: [class unloading, 0.0002456 secs]2020-10-27T11:48:04.344-0800: 0.614: [scrub symbol table, 0.0004170 secs]2020-10-27T11:48:04.344-0800: 0.614: [scrub string table, 0.0001799 secs][1 CMS-remark: 340824K(349568K)] 361187K(506816K), 0.0015283 secs] [Times: user=0.00 sys=0.00, real=0.00 secs] 
2020-10-27T11:48:04.345-0800: 0.615: [CMS-concurrent-sweep-start]
2020-10-27T11:48:04.346-0800: 0.616: [CMS-concurrent-sweep: 0.001/0.001 secs] [Times: user=0.00 sys=0.00, real=0.00 secs] 
2020-10-27T11:48:04.346-0800: 0.616: [CMS-concurrent-reset-start]
2020-10-27T11:48:04.346-0800: 0.617: [CMS-concurrent-reset: 0.001/0.001 secs] [Times: user=0.00 sys=0.00, real=0.00 secs] 
2020-10-27T11:48:04.368-0800: 0.638: [GC (Allocation Failure) 2020-10-27T11:48:04.368-0800: 0.638: [ParNew: 157247K->17469K(157248K), 0.0162864 secs] 457023K->361610K(506816K), 0.0164020 secs] [Times: user=0.03 sys=0.00, real=0.02 secs] 
2020-10-27T11:48:04.384-0800: 0.654: [GC (CMS Initial Mark) [1 CMS-initial-mark: 344141K(349568K)] 361797K(506816K), 0.0001987 secs] [Times: user=0.00 sys=0.00, real=0.00 secs] 
2020-10-27T11:48:04.385-0800: 0.655: [CMS-concurrent-mark-start]
2020-10-27T11:48:04.389-0800: 0.659: [CMS-concurrent-mark: 0.004/0.004 secs] [Times: user=0.01 sys=0.00, real=0.00 secs] 
2020-10-27T11:48:04.389-0800: 0.659: [CMS-concurrent-preclean-start]
2020-10-27T11:48:04.390-0800: 0.660: [CMS-concurrent-preclean: 0.001/0.001 secs] [Times: user=0.00 sys=0.00, real=0.01 secs] 
2020-10-27T11:48:04.390-0800: 0.660: [CMS-concurrent-abortable-preclean-start]
2020-10-27T11:48:04.390-0800: 0.660: [CMS-concurrent-abortable-preclean: 0.000/0.000 secs] [Times: user=0.00 sys=0.00, real=0.00 secs] 
2020-10-27T11:48:04.390-0800: 0.660: [GC (CMS Final Remark) [YG occupancy: 39972 K (157248 K)]2020-10-27T11:48:04.390-0800: 0.660: [Rescan (parallel) , 0.0010427 secs]2020-10-27T11:48:04.391-0800: 0.662: [weak refs processing, 0.0000200 secs]2020-10-27T11:48:04.391-0800: 0.662: [class unloading, 0.0002330 secs]2020-10-27T11:48:04.392-0800: 0.662: [scrub symbol table, 0.0004033 secs]2020-10-27T11:48:04.392-0800: 0.662: [scrub string table, 0.0001808 secs][1 CMS-remark: 344141K(349568K)] 384113K(506816K), 0.0020018 secs] [Times: user=0.01 sys=0.00, real=0.00 secs] 
2020-10-27T11:48:04.392-0800: 0.663: [CMS-concurrent-sweep-start]
2020-10-27T11:48:04.394-0800: 0.664: [CMS-concurrent-sweep: 0.001/0.001 secs] [Times: user=0.00 sys=0.00, real=0.00 secs] 
2020-10-27T11:48:04.394-0800: 0.664: [CMS-concurrent-reset-start]
2020-10-27T11:48:04.394-0800: 0.665: [CMS-concurrent-reset: 0.000/0.000 secs] [Times: user=0.00 sys=0.00, real=0.00 secs] 
2020-10-27T11:48:04.416-0800: 0.686: [GC (Allocation Failure) 2020-10-27T11:48:04.416-0800: 0.687: [ParNew: 157245K->17471K(157248K), 0.0120231 secs] 406558K->309537K(506816K), 0.0123756 secs] [Times: user=0.05 sys=0.00, real=0.01 secs] 
2020-10-27T11:48:04.430-0800: 0.700: [GC (CMS Initial Mark) [1 CMS-initial-mark: 292065K(349568K)] 315690K(506816K), 0.0002644 secs] [Times: user=0.00 sys=0.00, real=0.00 secs] 
2020-10-27T11:48:04.430-0800: 0.700: [CMS-concurrent-mark-start]
2020-10-27T11:48:04.434-0800: 0.704: [CMS-concurrent-mark: 0.004/0.004 secs] [Times: user=0.01 sys=0.00, real=0.00 secs] 
2020-10-27T11:48:04.434-0800: 0.704: [CMS-concurrent-preclean-start]
2020-10-27T11:48:04.435-0800: 0.705: [CMS-concurrent-preclean: 0.001/0.001 secs] [Times: user=0.00 sys=0.00, real=0.00 secs] 
2020-10-27T11:48:04.435-0800: 0.705: [CMS-concurrent-abortable-preclean-start]
2020-10-27T11:48:04.453-0800: 0.724: [GC (Allocation Failure) 2020-10-27T11:48:04.453-0800: 0.724: [ParNew: 157247K->17470K(157248K), 0.0143405 secs] 449313K->355894K(506816K), 0.0144516 secs] [Times: user=0.03 sys=0.00, real=0.01 secs] 
2020-10-27T11:48:04.468-0800: 0.738: [CMS-concurrent-abortable-preclean: 0.001/0.033 secs] [Times: user=0.05 sys=0.00, real=0.03 secs] 
2020-10-27T11:48:04.468-0800: 0.738: [GC (CMS Final Remark) [YG occupancy: 17758 K (157248 K)]2020-10-27T11:48:04.468-0800: 0.738: [Rescan (parallel) , 0.0005253 secs]2020-10-27T11:48:04.469-0800: 0.739: [weak refs processing, 0.0000173 secs]2020-10-27T11:48:04.469-0800: 0.739: [class unloading, 0.0002330 secs]2020-10-27T11:48:04.469-0800: 0.739: [scrub symbol table, 0.0004091 secs]2020-10-27T11:48:04.469-0800: 0.740: [scrub string table, 0.0001747 secs][1 CMS-remark: 338424K(349568K)] 356182K(506816K), 0.0014570 secs] [Times: user=0.00 sys=0.00, real=0.01 secs] 
2020-10-27T11:48:04.470-0800: 0.740: [CMS-concurrent-sweep-start]
2020-10-27T11:48:04.471-0800: 0.741: [CMS-concurrent-sweep: 0.001/0.001 secs] [Times: user=0.01 sys=0.00, real=0.00 secs] 
2020-10-27T11:48:04.471-0800: 0.741: [CMS-concurrent-reset-start]
2020-10-27T11:48:04.471-0800: 0.742: [CMS-concurrent-reset: 0.000/0.000 secs] [Times: user=0.00 sys=0.00, real=0.00 secs] 
2020-10-27T11:48:04.494-0800: 0.764: [GC (Allocation Failure) 2020-10-27T11:48:04.494-0800: 0.764: [ParNew: 157246K->157246K(157248K), 0.0000297 secs]2020-10-27T11:48:04.494-0800: 0.764: [CMS: 308706K->290989K(349568K), 0.0545324 secs] 465952K->290989K(506816K), [Metaspace: 2722K->2722K(1056768K)], 0.0547077 secs] [Times: user=0.05 sys=0.00, real=0.05 secs] 
2020-10-27T11:48:04.548-0800: 0.819: [GC (CMS Initial Mark) [1 CMS-initial-mark: 290989K(349568K)] 291515K(506816K), 0.0001523 secs] [Times: user=0.00 sys=0.00, real=0.00 secs] 
2020-10-27T11:48:04.549-0800: 0.819: [CMS-concurrent-mark-start]
2020-10-27T11:48:04.552-0800: 0.822: [CMS-concurrent-mark: 0.003/0.003 secs] [Times: user=0.01 sys=0.00, real=0.01 secs] 
2020-10-27T11:48:04.552-0800: 0.822: [CMS-concurrent-preclean-start]
2020-10-27T11:48:04.553-0800: 0.823: [CMS-concurrent-preclean: 0.001/0.001 secs] [Times: user=0.00 sys=0.00, real=0.00 secs] 
2020-10-27T11:48:04.553-0800: 0.823: [CMS-concurrent-abortable-preclean-start]
2020-10-27T11:48:04.572-0800: 0.842: [GC (Allocation Failure) 2020-10-27T11:48:04.572-0800: 0.842: [ParNew: 139776K->17469K(157248K), 0.0082617 secs] 430765K->336424K(506816K), 0.0083720 secs] [Times: user=0.03 sys=0.00, real=0.01 secs] 
2020-10-27T11:48:04.602-0800: 0.872: [GC (Allocation Failure) 2020-10-27T11:48:04.602-0800: 0.872: [ParNew: 157245K->157245K(157248K), 0.0000274 secs]2020-10-27T11:48:04.602-0800: 0.872: [CMS2020-10-27T11:48:04.602-0800: 0.872: [CMS-concurrent-abortable-preclean: 0.002/0.049 secs] [Times: user=0.07 sys=0.00, real=0.05 secs] 
 (concurrent mode failure): 318954K->311231K(349568K), 0.0512446 secs] 476200K->311231K(506816K), [Metaspace: 2722K->2722K(1056768K)], 0.0514142 secs] [Times: user=0.06 sys=0.00, real=0.05 secs] 
2020-10-27T11:48:04.676-0800: 0.946: [GC (Allocation Failure) 2020-10-27T11:48:04.676-0800: 0.946: [ParNew: 139672K->17471K(157248K), 0.0086675 secs] 450904K->357948K(506816K), 0.0087885 secs] [Times: user=0.03 sys=0.00, real=0.01 secs] 
2020-10-27T11:48:04.685-0800: 0.955: [GC (CMS Initial Mark) [1 CMS-initial-mark: 340476K(349568K)] 358553K(506816K), 0.0001658 secs] [Times: user=0.00 sys=0.00, real=0.00 secs] 
2020-10-27T11:48:04.685-0800: 0.955: [CMS-concurrent-mark-start]
2020-10-27T11:48:04.688-0800: 0.958: [CMS-concurrent-mark: 0.003/0.003 secs] [Times: user=0.00 sys=0.00, real=0.00 secs] 
2020-10-27T11:48:04.688-0800: 0.958: [CMS-concurrent-preclean-start]
2020-10-27T11:48:04.688-0800: 0.958: [CMS-concurrent-preclean: 0.001/0.001 secs] [Times: user=0.01 sys=0.00, real=0.00 secs] 
2020-10-27T11:48:04.688-0800: 0.959: [CMS-concurrent-abortable-preclean-start]
2020-10-27T11:48:04.688-0800: 0.959: [CMS-concurrent-abortable-preclean: 0.000/0.000 secs] [Times: user=0.00 sys=0.00, real=0.00 secs] 
2020-10-27T11:48:04.689-0800: 0.959: [GC (CMS Final Remark) [YG occupancy: 39224 K (157248 K)]2020-10-27T11:48:04.689-0800: 0.959: [Rescan (parallel) , 0.0005322 secs]2020-10-27T11:48:04.689-0800: 0.959: [weak refs processing, 0.0000190 secs]2020-10-27T11:48:04.689-0800: 0.959: [class unloading, 0.0002295 secs]2020-10-27T11:48:04.689-0800: 0.960: [scrub symbol table, 0.0003954 secs]2020-10-27T11:48:04.690-0800: 0.960: [scrub string table, 0.0001749 secs][1 CMS-remark: 340476K(349568K)] 379701K(506816K), 0.0014508 secs] [Times: user=0.00 sys=0.00, real=0.01 secs] 
2020-10-27T11:48:04.690-0800: 0.960: [CMS-concurrent-sweep-start]
2020-10-27T11:48:04.691-0800: 0.961: [CMS-concurrent-sweep: 0.001/0.001 secs] [Times: user=0.00 sys=0.00, real=0.00 secs] 
2020-10-27T11:48:04.691-0800: 0.961: [CMS-concurrent-reset-start]
2020-10-27T11:48:04.691-0800: 0.962: [CMS-concurrent-reset: 0.000/0.000 secs] [Times: user=0.00 sys=0.00, real=0.00 secs] 
2020-10-27T11:48:04.709-0800: 0.979: [GC (Allocation Failure) 2020-10-27T11:48:04.709-0800: 0.979: [ParNew: 157247K->17471K(157248K), 0.0111369 secs] 457358K->360059K(506816K), 0.0112978 secs] [Times: user=0.04 sys=0.00, real=0.02 secs] 
2020-10-27T11:48:04.720-0800: 0.990: [GC (CMS Initial Mark) [1 CMS-initial-mark: 342588K(349568K)] 360281K(506816K), 0.0001959 secs] [Times: user=0.00 sys=0.00, real=0.00 secs] 
2020-10-27T11:48:04.721-0800: 0.991: [CMS-concurrent-mark-start]
2020-10-27T11:48:04.723-0800: 0.994: [CMS-concurrent-mark: 0.003/0.003 secs] [Times: user=0.00 sys=0.00, real=0.00 secs] 
2020-10-27T11:48:04.723-0800: 0.994: [CMS-concurrent-preclean-start]
2020-10-27T11:48:04.724-0800: 0.994: [CMS-concurrent-preclean: 0.001/0.001 secs] [Times: user=0.00 sys=0.00, real=0.00 secs] 
2020-10-27T11:48:04.724-0800: 0.994: [CMS-concurrent-abortable-preclean-start]
2020-10-27T11:48:04.724-0800: 0.994: [CMS-concurrent-abortable-preclean: 0.000/0.000 secs] [Times: user=0.00 sys=0.00, real=0.00 secs] 
2020-10-27T11:48:04.724-0800: 0.995: [GC (CMS Final Remark) [YG occupancy: 42014 K (157248 K)]2020-10-27T11:48:04.724-0800: 0.995: [Rescan (parallel) , 0.0004899 secs]2020-10-27T11:48:04.725-0800: 0.995: [weak refs processing, 0.0000192 secs]2020-10-27T11:48:04.725-0800: 0.995: [class unloading, 0.0002307 secs]2020-10-27T11:48:04.725-0800: 0.995: [scrub symbol table, 0.0003858 secs]2020-10-27T11:48:04.726-0800: 0.996: [scrub string table, 0.0001844 secs][1 CMS-remark: 342588K(349568K)] 384602K(506816K), 0.0014102 secs] [Times: user=0.01 sys=0.00, real=0.00 secs] 
2020-10-27T11:48:04.726-0800: 0.996: [CMS-concurrent-sweep-start]
2020-10-27T11:48:04.727-0800: 0.997: [CMS-concurrent-sweep: 0.001/0.001 secs] [Times: user=0.00 sys=0.00, real=0.00 secs] 
2020-10-27T11:48:04.727-0800: 0.997: [CMS-concurrent-reset-start]
2020-10-27T11:48:04.727-0800: 0.998: [CMS-concurrent-reset: 0.000/0.000 secs] [Times: user=0.00 sys=0.00, real=0.00 secs] 
2020-10-27T11:48:04.745-0800: 1.016: [GC (Allocation Failure) 2020-10-27T11:48:04.745-0800: 1.016: [ParNew: 157124K->157124K(157248K), 0.0000334 secs]2020-10-27T11:48:04.745-0800: 1.016: [CMS: 308221K->329370K(349568K), 0.0545915 secs] 465346K->329370K(506816K), [Metaspace: 2722K->2722K(1056768K)], 0.0547879 secs] [Times: user=0.05 sys=0.00, real=0.06 secs] 
2020-10-27T11:48:04.800-0800: 1.071: [GC (CMS Initial Mark) [1 CMS-initial-mark: 329370K(349568K)] 329496K(506816K), 0.0001867 secs] [Times: user=0.00 sys=0.00, real=0.00 secs] 
2020-10-27T11:48:04.801-0800: 1.071: [CMS-concurrent-mark-start]
2020-10-27T11:48:04.804-0800: 1.074: [CMS-concurrent-mark: 0.003/0.003 secs] [Times: user=0.00 sys=0.00, real=0.00 secs] 
2020-10-27T11:48:04.804-0800: 1.074: [CMS-concurrent-preclean-start]
2020-10-27T11:48:04.804-0800: 1.075: [CMS-concurrent-preclean: 0.001/0.001 secs] [Times: user=0.00 sys=0.00, real=0.00 secs] 
2020-10-27T11:48:04.804-0800: 1.075: [CMS-concurrent-abortable-preclean-start]
2020-10-27T11:48:04.805-0800: 1.075: [CMS-concurrent-abortable-preclean: 0.000/0.000 secs] [Times: user=0.00 sys=0.00, real=0.00 secs] 
2020-10-27T11:48:04.805-0800: 1.075: [GC (CMS Final Remark) [YG occupancy: 25607 K (157248 K)]2020-10-27T11:48:04.805-0800: 1.075: [Rescan (parallel) , 0.0005112 secs]2020-10-27T11:48:04.805-0800: 1.075: [weak refs processing, 0.0000295 secs]2020-10-27T11:48:04.805-0800: 1.076: [class unloading, 0.0002351 secs]2020-10-27T11:48:04.806-0800: 1.076: [scrub symbol table, 0.0003997 secs]2020-10-27T11:48:04.806-0800: 1.076: [scrub string table, 0.0001871 secs][1 CMS-remark: 329370K(349568K)] 354977K(506816K), 0.0014783 secs] [Times: user=0.00 sys=0.00, real=0.00 secs] 
2020-10-27T11:48:04.806-0800: 1.077: [CMS-concurrent-sweep-start]
2020-10-27T11:48:04.807-0800: 1.077: [CMS-concurrent-sweep: 0.001/0.001 secs] [Times: user=0.00 sys=0.00, real=0.00 secs] 
2020-10-27T11:48:04.807-0800: 1.077: [CMS-concurrent-reset-start]
2020-10-27T11:48:04.808-0800: 1.078: [CMS-concurrent-reset: 0.000/0.000 secs] [Times: user=0.00 sys=0.00, real=0.00 secs] 
2020-10-27T11:48:04.825-0800: 1.095: [GC (Allocation Failure) 2020-10-27T11:48:04.825-0800: 1.095: [ParNew: 139776K->139776K(157248K), 0.0000375 secs]2020-10-27T11:48:04.825-0800: 1.095: [CMS: 329182K->334037K(349568K), 0.0540951 secs] 468958K->334037K(506816K), [Metaspace: 2722K->2722K(1056768K)], 0.0543112 secs] [Times: user=0.05 sys=0.00, real=0.05 secs] 
2020-10-27T11:48:04.879-0800: 1.150: [GC (CMS Initial Mark) [1 CMS-initial-mark: 334037K(349568K)] 334073K(506816K), 0.0002474 secs] [Times: user=0.00 sys=0.00, real=0.01 secs] 
2020-10-27T11:48:04.880-0800: 1.150: [CMS-concurrent-mark-start]
Heap
 par new generation   total 157248K, used 5677K [0x00000007a0000000, 0x00000007aaaa0000, 0x00000007aaaa0000)
  eden space 139776K,   4% used [0x00000007a0000000, 0x00000007a058b600, 0x00000007a8880000)
  from space 17472K,   0% used [0x00000007a8880000, 0x00000007a8880000, 0x00000007a9990000)
  to   space 17472K,   0% used [0x00000007a9990000, 0x00000007a9990000, 0x00000007aaaa0000)
 concurrent mark-sweep generation total 349568K, used 334037K [0x00000007aaaa0000, 0x00000007c0000000, 0x00000007c0000000)
 Metaspace       used 2728K, capacity 4486K, committed 4864K, reserved 1056768K
  class space    used 296K, capacity 386K, committed 512K, reserved 1048576K
