Java HotSpot(TM) 64-Bit Server VM (25.251-b08) for bsd-amd64 JRE (1.8.0_251-b08), built on Mar 12 2020 02:36:37 by "java_re" with gcc 4.2.1 (Based on Apple Inc. build 5658) (LLVM build 2336.11.00)
Memory: 4k page, physical 16777216k(1103244k free)

/proc/meminfo:

CommandLine flags: -XX:InitialHeapSize=4294967296 -XX:MaxHeapSize=4294967296 -XX:+PrintGC -XX:+PrintGCDateStamps -XX:+PrintGCDetails -XX:+PrintGCTimeStamps -XX:+UseCompressedClassPointers -XX:+UseCompressedOops -XX:+UseSerialGC 
2020-10-27T11:47:57.164-0800: 0.759: [GC (Allocation Failure) 2020-10-27T11:47:57.164-0800: 0.760: [DefNew: 1118528K->139776K(1258304K), 0.1446858 secs] 1118528K->231189K(4054528K), 0.1448670 secs] [Times: user=0.08 sys=0.06, real=0.14 secs] 
2020-10-27T11:47:57.506-0800: 1.101: [GC (Allocation Failure) 2020-10-27T11:47:57.506-0800: 1.101: [DefNew: 1258304K->139776K(1258304K), 0.1669210 secs] 1349717K->375529K(4054528K), 0.1670528 secs] [Times: user=0.09 sys=0.07, real=0.17 secs] 
Heap
 def new generation   total 1258304K, used 184591K [0x00000006c0000000, 0x0000000715550000, 0x0000000715550000)
  eden space 1118528K,   4% used [0x00000006c0000000, 0x00000006c2bc3fc0, 0x0000000704450000)
  from space 139776K, 100% used [0x0000000704450000, 0x000000070ccd0000, 0x000000070ccd0000)
  to   space 139776K,   0% used [0x000000070ccd0000, 0x000000070ccd0000, 0x0000000715550000)
 tenured generation   total 2796224K, used 235753K [0x0000000715550000, 0x00000007c0000000, 0x00000007c0000000)
   the space 2796224K,   8% used [0x0000000715550000, 0x0000000723b8a520, 0x0000000723b8a600, 0x00000007c0000000)
 Metaspace       used 2728K, capacity 4486K, committed 4864K, reserved 1056768K
  class space    used 296K, capacity 386K, committed 512K, reserved 1048576K
