Java HotSpot(TM) 64-Bit Server VM (25.251-b08) for bsd-amd64 JRE (1.8.0_251-b08), built on Mar 12 2020 02:36:37 by "java_re" with gcc 4.2.1 (Based on Apple Inc. build 5658) (LLVM build 2336.11.00)
Memory: 4k page, physical 16777216k(1102708k free)

/proc/meminfo:

CommandLine flags: -XX:InitialHeapSize=2147483648 -XX:MaxHeapSize=2147483648 -XX:+PrintGC -XX:+PrintGCDateStamps -XX:+PrintGCDetails -XX:+PrintGCTimeStamps -XX:+UseCompressedClassPointers -XX:+UseCompressedOops -XX:+UseSerialGC 
2020-10-27T11:47:55.638-0800: 0.425: [GC (Allocation Failure) 2020-10-27T11:47:55.638-0800: 0.425: [DefNew: 559232K->69888K(629120K), 0.0862029 secs] 559232K->155846K(2027264K), 0.0863602 secs] [Times: user=0.05 sys=0.03, real=0.09 secs] 
2020-10-27T11:47:55.831-0800: 0.618: [GC (Allocation Failure) 2020-10-27T11:47:55.831-0800: 0.618: [DefNew: 629120K->69887K(629120K), 0.1230157 secs] 715078K->285331K(2027264K), 0.1231555 secs] [Times: user=0.06 sys=0.05, real=0.12 secs] 
2020-10-27T11:47:56.037-0800: 0.824: [GC (Allocation Failure) 2020-10-27T11:47:56.037-0800: 0.824: [DefNew: 629119K->69888K(629120K), 0.0836148 secs] 844563K->416933K(2027264K), 0.0837441 secs] [Times: user=0.05 sys=0.03, real=0.09 secs] 
2020-10-27T11:47:56.201-0800: 0.988: [GC (Allocation Failure) 2020-10-27T11:47:56.201-0800: 0.988: [DefNew: 629120K->69887K(629120K), 0.0915623 secs] 976165K->552383K(2027264K), 0.0916950 secs] [Times: user=0.06 sys=0.03, real=0.09 secs] 
Heap
 def new generation   total 629120K, used 185656K [0x0000000740000000, 0x000000076aaa0000, 0x000000076aaa0000)
  eden space 559232K,  20% used [0x0000000740000000, 0x000000074710e378, 0x0000000762220000)
  from space 69888K,  99% used [0x0000000762220000, 0x000000076665ff80, 0x0000000766660000)
  to   space 69888K,   0% used [0x0000000766660000, 0x0000000766660000, 0x000000076aaa0000)
 tenured generation   total 1398144K, used 482496K [0x000000076aaa0000, 0x00000007c0000000, 0x00000007c0000000)
   the space 1398144K,  34% used [0x000000076aaa0000, 0x00000007881d0018, 0x00000007881d0200, 0x00000007c0000000)
 Metaspace       used 2728K, capacity 4486K, committed 4864K, reserved 1056768K
  class space    used 296K, capacity 386K, committed 512K, reserved 1048576K
