Java HotSpot(TM) 64-Bit Server VM (25.251-b08) for bsd-amd64 JRE (1.8.0_251-b08), built on Mar 12 2020 02:36:37 by "java_re" with gcc 4.2.1 (Based on Apple Inc. build 5658) (LLVM build 2336.11.00)
Memory: 4k page, physical 16777216k(1102764k free)

/proc/meminfo:

CommandLine flags: -XX:InitialHeapSize=536870912 -XX:MaxHeapSize=536870912 -XX:+PrintGC -XX:+PrintGCDateStamps -XX:+PrintGCDetails -XX:+PrintGCTimeStamps -XX:+UseCompressedClassPointers -XX:+UseCompressedOops -XX:+UseSerialGC 
2020-10-27T11:47:53.038-0800: 0.196: [GC (Allocation Failure) 2020-10-27T11:47:53.038-0800: 0.196: [DefNew: 139776K->17471K(157248K), 0.0296890 secs] 139776K->46511K(506816K), 0.0298740 secs] [Times: user=0.02 sys=0.02, real=0.03 secs] 
2020-10-27T11:47:53.097-0800: 0.254: [GC (Allocation Failure) 2020-10-27T11:47:53.097-0800: 0.254: [DefNew: 157247K->17471K(157248K), 0.0400403 secs] 186287K->92493K(506816K), 0.0401746 secs] [Times: user=0.02 sys=0.02, real=0.04 secs] 
2020-10-27T11:47:53.161-0800: 0.319: [GC (Allocation Failure) 2020-10-27T11:47:53.161-0800: 0.319: [DefNew: 157247K->17471K(157248K), 0.0281897 secs] 232269K->139173K(506816K), 0.0283044 secs] [Times: user=0.02 sys=0.01, real=0.03 secs] 
2020-10-27T11:47:53.216-0800: 0.373: [GC (Allocation Failure) 2020-10-27T11:47:53.216-0800: 0.373: [DefNew: 157247K->17471K(157248K), 0.0304582 secs] 278949K->186074K(506816K), 0.0306001 secs] [Times: user=0.02 sys=0.01, real=0.03 secs] 
2020-10-27T11:47:53.270-0800: 0.427: [GC (Allocation Failure) 2020-10-27T11:47:53.270-0800: 0.428: [DefNew: 157247K->17471K(157248K), 0.0274107 secs] 325850K->230948K(506816K), 0.0275355 secs] [Times: user=0.02 sys=0.01, real=0.02 secs] 
2020-10-27T11:47:53.322-0800: 0.479: [GC (Allocation Failure) 2020-10-27T11:47:53.322-0800: 0.479: [DefNew: 157247K->17470K(157248K), 0.0294816 secs] 370724K->274146K(506816K), 0.0295947 secs] [Times: user=0.01 sys=0.01, real=0.03 secs] 
2020-10-27T11:47:53.378-0800: 0.535: [GC (Allocation Failure) 2020-10-27T11:47:53.378-0800: 0.535: [DefNew: 157246K->17471K(157248K), 0.0301756 secs] 413922K->317262K(506816K), 0.0302997 secs] [Times: user=0.02 sys=0.01, real=0.03 secs] 
2020-10-27T11:47:53.435-0800: 0.592: [GC (Allocation Failure) 2020-10-27T11:47:53.435-0800: 0.592: [DefNew: 157247K->157247K(157248K), 0.0000291 secs]2020-10-27T11:47:53.435-0800: 0.593: [Tenured: 299790K->261055K(349568K), 0.0457903 secs] 457038K->261055K(506816K), [Metaspace: 2721K->2721K(1056768K)], 0.0459586 secs] [Times: user=0.05 sys=0.00, real=0.05 secs] 
2020-10-27T11:47:53.504-0800: 0.661: [GC (Allocation Failure) 2020-10-27T11:47:53.504-0800: 0.661: [DefNew: 139776K->17470K(157248K), 0.0068166 secs] 400831K->301347K(506816K), 0.0069521 secs] [Times: user=0.01 sys=0.00, real=0.01 secs] 
2020-10-27T11:47:53.535-0800: 0.693: [GC (Allocation Failure) 2020-10-27T11:47:53.535-0800: 0.693: [DefNew: 157246K->17470K(157248K), 0.0226185 secs] 441123K->347215K(506816K), 0.0228053 secs] [Times: user=0.02 sys=0.00, real=0.02 secs] 
2020-10-27T11:47:53.579-0800: 0.737: [GC (Allocation Failure) 2020-10-27T11:47:53.579-0800: 0.737: [DefNew: 157246K->157246K(157248K), 0.0000264 secs]2020-10-27T11:47:53.579-0800: 0.737: [Tenured: 329745K->300419K(349568K), 0.0457644 secs] 486991K->300419K(506816K), [Metaspace: 2722K->2722K(1056768K)], 0.0459326 secs] [Times: user=0.04 sys=0.01, real=0.05 secs] 
2020-10-27T11:47:53.648-0800: 0.805: [GC (Allocation Failure) 2020-10-27T11:47:53.648-0800: 0.805: [DefNew: 139776K->17471K(157248K), 0.0088512 secs] 440195K->349479K(506816K), 0.0089669 secs] [Times: user=0.00 sys=0.00, real=0.01 secs] 
2020-10-27T11:47:53.682-0800: 0.839: [GC (Allocation Failure) 2020-10-27T11:47:53.682-0800: 0.839: [DefNew: 157247K->157247K(157248K), 0.0000261 secs]2020-10-27T11:47:53.682-0800: 0.839: [Tenured: 332008K->328664K(349568K), 0.0484296 secs] 489255K->328664K(506816K), [Metaspace: 2722K->2722K(1056768K)], 0.0486070 secs] [Times: user=0.05 sys=0.00, real=0.05 secs] 
2020-10-27T11:47:53.752-0800: 0.910: [GC (Allocation Failure) 2020-10-27T11:47:53.752-0800: 0.910: [DefNew: 139776K->139776K(157248K), 0.0000351 secs]2020-10-27T11:47:53.753-0800: 0.910: [Tenured: 328664K->317334K(349568K), 0.0495369 secs] 468440K->317334K(506816K), [Metaspace: 2722K->2722K(1056768K)], 0.0497762 secs] [Times: user=0.05 sys=0.00, real=0.05 secs] 
2020-10-27T11:47:53.827-0800: 0.985: [GC (Allocation Failure) 2020-10-27T11:47:53.827-0800: 0.985: [DefNew: 139776K->139776K(157248K), 0.0000393 secs]2020-10-27T11:47:53.828-0800: 0.985: [Tenured: 317334K->341836K(349568K), 0.0388800 secs] 457110K->341836K(506816K), [Metaspace: 2722K->2722K(1056768K)], 0.0390562 secs] [Times: user=0.04 sys=0.00, real=0.04 secs] 
2020-10-27T11:47:53.889-0800: 1.047: [GC (Allocation Failure) 2020-10-27T11:47:53.890-0800: 1.047: [DefNew: 139776K->139776K(157248K), 0.0000249 secs]2020-10-27T11:47:53.890-0800: 1.047: [Tenured: 341836K->346884K(349568K), 0.0471745 secs] 481612K->346884K(506816K), [Metaspace: 2722K->2722K(1056768K)], 0.0473357 secs] [Times: user=0.05 sys=0.00, real=0.05 secs] 
Heap
 def new generation   total 157248K, used 10141K [0x00000007a0000000, 0x00000007aaaa0000, 0x00000007aaaa0000)
  eden space 139776K,   7% used [0x00000007a0000000, 0x00000007a09e75a8, 0x00000007a8880000)
  from space 17472K,   0% used [0x00000007a8880000, 0x00000007a8880000, 0x00000007a9990000)
  to   space 17472K,   0% used [0x00000007a9990000, 0x00000007a9990000, 0x00000007aaaa0000)
 tenured generation   total 349568K, used 346884K [0x00000007aaaa0000, 0x00000007c0000000, 0x00000007c0000000)
   the space 349568K,  99% used [0x00000007aaaa0000, 0x00000007bfd61068, 0x00000007bfd61200, 0x00000007c0000000)
 Metaspace       used 2728K, capacity 4486K, committed 4864K, reserved 1056768K
  class space    used 296K, capacity 386K, committed 512K, reserved 1048576K
